[www.dfo.com.au/index.html]
[a.storyblok.com/f/61944/64x64/a5deefd70f/dfo-icon-favicon.png]
[backblue.gif]
[fade.gif]
[index.html]
[a.storyblok.com/f/61944/970x630/ee8a376ea6/vici0010-digital-banner-images-fa01-970x630-02.png]
[d1p5cqqchvbqmy.cloudfront.net/web2/release/mappedin-web.css]
[a.storyblok.com/f/63175/1253x770/fbfce1b6d5/dfo_logo.png]
[a.storyblok.com/f/63175/970x630/28bb357cc3/dfo-brisbane-logo.jpg]
[a.storyblok.com/f/63175/970x630/49ac29b01e/dfo-essendon-logo.jpg]
[a.storyblok.com/f/63175/970x630/78100abf4d/dfo-homebush-logo.jpg]
[a.storyblok.com/f/63175/970x630/066fce5f8a/dfo-moorabbin-logo.jpg]
[a.storyblok.com/f/63175/970x630/b5f042972c/dfo-perth-logo.jpg]
[a.storyblok.com/f/63175/970x630/41f21f8c05/dfo-south-wharf-logo.jpg]
[a.storyblok.com/f/63175/970x630/7141c7e343/dfo-uni-hill-logo.jpg]
[www.dfo.com.au/sign-up.html]
[www.dfo.com.au/static/footer-logo.png]
[www.dfo.com.au/index.html]
[www.googletagmanager.com/gtm5445.html]
[www.dfo.com.au/static/dist/client-552bcc8ed37264b95faa.bundle.js]
[www.dfo.com.au/static/dist/vendors_client-e3d1252987a0f0db4383.bundle.js]
[d1p5cqqchvbqmy.cloudfront.net/web2/release/mappedin-web.css]
[a.storyblok.com/f/57005/970x630/7b858b5826/vici0010-digital-banner-images-fa01-970x630-02.png]
[d1p5cqqchvbqmy.cloudfront.net/web2/release/Inter-Regular-DQbxEjmQ.woff2]
[a.storyblok.com/f/63175/1200x800/a7d5d03718/dfo_sportfitness_1200x800.jpg]
[a.storyblok.com/f/63175/1200x800/3402d210ca/dfo_luxury_1200x800.jpg]
[a.storyblok.com/f/63175/1200x800/f00ff94f79/dfo_cafe-restaurants_1200x800.jpg]
[www.dfo.com.au/sign-up.html]
[d1p5cqqchvbqmy.cloudfront.net/web2/release/svg/maplibregl-ctrl-zoom-out.svg]
[d1p5cqqchvbqmy.cloudfront.net/web2/release/svg/maplibregl-ctrl-zoom-in.svg]
[d1p5cqqchvbqmy.cloudfront.net/web2/release/svg/maplibregl-ctrl-fullscreen.svg]
[d1p5cqqchvbqmy.cloudfront.net/web2/release/svg/maplibregl-ctrl-shrink.svg]
[d1p5cqqchvbqmy.cloudfront.net/web2/release/svg/maplibregl-ctrl-compass.svg]
[d1p5cqqchvbqmy.cloudfront.net/web2/release/svg/maplibregl-ctrl-globe.svg]
[d1p5cqqchvbqmy.cloudfront.net/web2/release/svg/maplibregl-ctrl-terrain.svg]
[d1p5cqqchvbqmy.cloudfront.net/web2/release/svg/maplibregl-ctrl-geolocate.svg]
[d1p5cqqchvbqmy.cloudfront.net/web2/release/svg/maplibregl-ctrl-logo.svg]
[d1p5cqqchvbqmy.cloudfront.net/web2/release/svg/maplibregl-ctrl-attrib.svg]
